Release 14.7 Map P.20131013 (lin64)
Xilinx Mapping Report File for Design 'top_level'

Design Information
------------------
Command Line   : map -intstyle ise -p xc6slx16-csg324-3 -w -logic_opt off -ol
high -t 1 -xt 0 -register_duplication off -r 4 -global_opt off -mt off -ir off
-pr off -lc off -power off -o top_level_map.ncd top_level.ngd top_level.pcf 
Target Device  : xc6slx16
Target Package : csg324
Target Speed   : -3
Mapper Version : spartan6 -- $Revision: 1.55 $
Mapped Date    : Fri Aug 14 15:04:06 2026

Interim Summary
---------------
Slice Logic Utilization:
  Number of Slice Registers:                   445 out of  18,224    2%
    Number used as Flip Flops:                 419
    Number used as Latches:                      1
    Number used as Latch-thrus:                  0
    Number used as AND/OR logics:               25
  Number of Slice LUTs:                      1,337 out of   9,112   14%
    Number used as logic:                    1,335 out of   9,112   14%
      Number using O6 output only:             958
      Number using O5 output only:             133
      Number using O5 and O6:                  244
      Number used as ROM:                        0
    Number used as Memory:                       0 out of   2,176    0%
    Number used exclusively as route-thrus:      2
      Number with same-slice register load:      0
      Number with same-slice carry load:         2
      Number with other load:                    0

Slice Logic Distribution:
  Number of MUXCYs used:                       356 out of   4,556    7%
  Number of LUT Flip Flop pairs used:        1,497
    Number with an unused Flip Flop:         1,133 out of   1,497   75%
    Number with an unused LUT:                 160 out of   1,497   10%
    Number of fully used LUT-FF pairs:         204 out of   1,497   13%
    Number of unique control sets:              36
    Number of slice register sites lost
      to control set restrictions:             140 out of  18,224    1%

  A LUT Flip Flop pair for this architecture represents one LUT paired with
  one Flip Flop within a slice.  A control set is a unique combination of
  clock, reset, set, and enable signals for a registered element.
  The Slice Logic Distribution report is not meaningful if the design is
  over-mapped for a non-slice resource or if Placement fails.

IO Utilization:
  Number of bonded IOBs:                        11 out of     232    4%
    Number of LOCed IOBs:                       11 out of      11  100%

Specific Feature Utilization:
  Number of RAMB16BWERs:                        59 out of      32  184% (OVERMAPPED)
  Number of RAMB8BWERs:                         12 out of      64   18%
  Number of BUFIO2/BUFIO2_2CLKs:                 0 out of      32    0%
  Number of BUFIO2FB/BUFIO2FB_2CLKs:             0 out of      32    0%
  Number of BUFG/BUFGMUXs:                       2 out of      16   12%
    Number used as BUFGs:                        2
    Number used as BUFGMUX:                      0
  Number of DCM/DCM_CLKGENs:                     0 out of       4    0%
  Number of ILOGIC2/ISERDES2s:                   0 out of     248    0%
  Number of IODELAY2/IODRP2/IODRP2_MCBs:         0 out of     248    0%
  Number of OLOGIC2/OSERDES2s:                   0 out of     248    0%
  Number of BSCANs:                              0 out of       4    0%
  Number of BUFHs:                               0 out of     128    0%
  Number of BUFPLLs:                             0 out of       8    0%
  Number of BUFPLL_MCBs:                         0 out of       4    0%
  Number of DSP48A1s:                            5 out of      32   15%
  Number of ICAPs:                               0 out of       1    0%
  Number of MCBs:                                0 out of       2    0%
  Number of PCILOGICSEs:                         0 out of       2    0%
  Number of PLL_ADVs:                            0 out of       2    0%
  Number of PMVs:                                0 out of       1    0%
  Number of STARTUPs:                            0 out of       1    0%
  Number of SUSPEND_SYNCs:                       0 out of       1    0%


Mapping completed.
See MAP report file "top_level_map.mrp" for details.
Problem encountered during the packing phase.

Design Summary
--------------
Number of errors   :   2
Number of warnings :   0

Section 1 - Errors
------------------
ERROR:Pack:2310 - Too many comps of type "RAMB16BWER" found to fit this device.
ERROR:Map:237 - The design is too large to fit the device.  Please check the Design Summary section to see which resource requirement for
   your design exceeds the resources available in the device. Note that the number of slices reported may not be reflected accurately as
   their packing might not have been completed.

Section 2 - Warnings
--------------------

Section 3 - Informational
-------------------------
INFO:MapLib:562 - No environment variables are currently set.
INFO:LIT:244 - All of the single ended outputs in this design are using slew
   rate limited output drivers. The delay on speed critical single ended outputs
   can be dramatically reduced by designating them as fast outputs.
INFO:Pack:1716 - Initializing temperature to 85.000 Celsius. (default - Range:
   0.000 to 85.000 Celsius)
INFO:Pack:1720 - Initializing voltage to 1.140 Volts. (default - Range: 1.140 to
   1.260 Volts)

Section 4 - Removed Logic Summary
---------------------------------
   1 block(s) removed
  10 block(s) optimized away
   4 signal(s) removed

Section 5 - Removed Logic
-------------------------

The trimmed logic report below shows the logic removed from your design due to
sourceless or loadless signals, and VCC or ground connections.  If the removal
of a signal or symbol results in the subsequent removal of an additional signal
or symbol, the message explaining that second removal will be indented.  This
indentation will be repeated as a chain of related logic is removed.

To quickly locate the original cause for the removal of a chain of logic, look
above the place where that logic is listed in the trimming report, then locate
the lines that are least indented (begin at the leftmost edge).

Loadless block "processing_top_inst/Madd_n0220_Madd14" (ROM) removed.
The signal "frame_out_inst/N0" is sourceless and has been removed.
The signal "img_src_inst/frame_in_inst/N0" is sourceless and has been removed.
The signal "img_src_inst/frame_gray_inst/N0" is sourceless and has been removed.
The signal "img_src_inst/rom_inst/N0" is sourceless and has been removed.

Optimized Block(s):
TYPE 		BLOCK
GND 		XST_GND
VCC 		XST_VCC
GND 		frame_out_inst/XST_GND
VCC 		frame_out_inst/XST_VCC
GND 		img_src_inst/frame_gray_inst/XST_GND
VCC 		img_src_inst/frame_gray_inst/XST_VCC
GND 		img_src_inst/frame_in_inst/XST_GND
VCC 		img_src_inst/frame_in_inst/XST_VCC
GND 		img_src_inst/rom_inst/XST_GND
VCC 		img_src_inst/rom_inst/XST_VCC

To enable printing of redundant blocks removed and signals merged, set the
detailed map report option and rerun map.

Section 12 - Configuration String Details
-----------------------------------------
Use the "-detail" map option to print out Configuration Strings

Section 13 - Control Set Information
------------------------------------
Use the "-detail" map option to print out Control Set Information.
