Release 14.7 - xst P.20131013 (lin64)
Copyright (c) 1995-2013 Xilinx, Inc.  All rights reserved.
--> 
Parameter TMPDIR set to xst/projnav.tmp


Total REAL time to Xst completion: 0.00 secs
Total CPU time to Xst completion: 0.02 secs
 
--> 
Parameter xsthdpdir set to xst


Total REAL time to Xst completion: 0.00 secs
Total CPU time to Xst completion: 0.02 secs
 
--> 
Reading design: top_level.prj

TABLE OF CONTENTS
  1) Synthesis Options Summary
  2) HDL Parsing
  3) HDL Elaboration
  4) HDL Synthesis
       4.1) HDL Synthesis Report
  5) Advanced HDL Synthesis
       5.1) Advanced HDL Synthesis Report
  6) Low Level Synthesis
  7) Partition Report
  8) Design Summary
       8.1) Primitive and Black Box Usage
       8.2) Device utilization summary
       8.3) Partition Resource Summary
       8.4) Timing Report
            8.4.1) Clock Information
            8.4.2) Asynchronous Control Signals Information
            8.4.3) Timing Summary
            8.4.4) Timing Details
            8.4.5) Cross Clock Domains Report


=========================================================================
*                      Synthesis Options Summary                        *
=========================================================================
---- Source Parameters
Input File Name                    : "top_level.prj"
Ignore Synthesis Constraint File   : NO

---- Target Parameters
Output File Name                   : "top_level"
Output Format                      : NGC
Target Device                      : xc6slx16-3-csg324

---- Source Options
Top Module Name                    : top_level
Automatic FSM Extraction           : YES
FSM Encoding Algorithm             : Auto
Safe Implementation                : No
FSM Style                          : LUT
RAM Extraction                     : Yes
RAM Style                          : Auto
ROM Extraction                     : Yes
Shift Register Extraction          : YES
ROM Style                          : Auto
Resource Sharing                   : YES
Asynchronous To Synchronous        : NO
Shift Register Minimum Size        : 2
Use DSP Block                      : Auto
Automatic Register Balancing       : No

---- Target Options
LUT Combining                      : Auto
Reduce Control Sets                : Auto
Add IO Buffers                     : YES
Global Maximum Fanout              : 100000
Add Generic Clock Buffer(BUFG)     : 16
Register Duplication               : YES
Optimize Instantiated Primitives   : NO
Use Clock Enable                   : Auto
Use Synchronous Set                : Auto
Use Synchronous Reset              : Auto
Pack IO Registers into IOBs        : Auto
Equivalent register Removal        : YES

---- General Options
Optimization Goal                  : Speed
Optimization Effort                : 1
Power Reduction                    : NO
Keep Hierarchy                     : No
Netlist Hierarchy                  : As_Optimized
RTL Output                         : Yes
Global Optimization                : AllClockNets
Read Cores                         : YES
Write Timing Constraints           : NO
Cross Clock Analysis               : NO
Hierarchy Separator                : /
Bus Delimiter                      : <>
Case Specifier                     : Maintain
Slice Utilization Ratio            : 100
BRAM Utilization Ratio             : 100
DSP48 Utilization Ratio            : 100
Auto BRAM Packing                  : NO
Slice Utilization Ratio Delta      : 5

---- Other Options
Cores Search Directories           : {"ipcore_dir/frame_out" "ipcore_dir/img_rom"  }

=========================================================================


=========================================================================
*                          HDL Parsing                                  *
=========================================================================
Parsing VHDL file "/home/fafaaa/image_processing_spartan6/uart_tx_clk.vhd" into library work
Parsing entity <uart_tx_clk>.
Parsing architecture <Behavioral> of entity <uart_tx_clk>.
Parsing VHDL file "/home/fafaaa/image_processing_spartan6/pixel_pkg.vhd" into library work
Parsing package <pixel_pkg>.
Parsing package body <pixel_pkg>.
Parsing VHDL file "/home/fafaaa/image_processing_spartan6/TX.vhd" into library work
Parsing entity <TX>.
Parsing architecture <Behavioral> of entity <tx>.
Parsing VHDL file "/home/fafaaa/image_processing_spartan6/processing_top1.vhd" into library work
Parsing entity <processing_top1>.
Parsing architecture <Behavioral> of entity <processing_top1>.
Parsing VHDL file "/home/fafaaa/image_processing_spartan6/ipcore_dir/img_rom/img_rom.vhd" into library work
Parsing entity <img_rom>.
Parsing architecture <img_rom_a> of entity <img_rom>.
Parsing VHDL file "/home/fafaaa/image_processing_spartan6/ipcore_dir/frame_out/frame_out.vhd" into library work
Parsing entity <frame_out>.
Parsing architecture <frame_out_a> of entity <frame_out>.
Parsing VHDL file "/home/fafaaa/image_processing_spartan6/ctrl_fsm.vhd" into library work
Parsing entity <ctrl_fsm>.
Parsing architecture <Behavioral> of entity <ctrl_fsm>.
Parsing VHDL file "/home/fafaaa/image_processing_spartan6/top_level.vhd" into library work
Parsing entity <top_level>.
Parsing architecture <Behavioral> of entity <top_level>.

=========================================================================
*                            HDL Elaboration                            *
=========================================================================

Elaborating entity <top_level> (architecture <Behavioral>) with generics from library <work>.

Elaborating entity <TX> (architecture <Behavioral>) with generics from library <work>.

Elaborating entity <uart_tx_clk> (architecture <Behavioral>) with generics from library <work>.

Elaborating entity <ctrl_fsm> (architecture <Behavioral>) from library <work>.

Elaborating entity <img_rom> (architecture <img_rom_a>) from library <work>.

Elaborating entity <processing_top1> (architecture <Behavioral>) with generics from library <work>.

Elaborating entity <frame_out> (architecture <frame_out_a>) from library <work>.

=========================================================================
*                           HDL Synthesis                               *
=========================================================================

Synthesizing Unit <top_level>.
    Related source file is "/home/fafaaa/image_processing_spartan6/top_level.vhd".
        IMG_WIDTH = 80
        IMG_HEIGHT = 60
        ADDR_WIDTH = 13
    Found 1-bit register for signal <frame_sent_once>.
    Summary:
	inferred   1 D-type flip-flop(s).
	inferred   1 Multiplexer(s).
Unit <top_level> synthesized.

Synthesizing Unit <TX>.
    Related source file is "/home/fafaaa/image_processing_spartan6/TX.vhd".
        IMG_WIDTH = 80
        IMG_HEIGHT = 60
        ADDR_WIDTH = 13
        CLK_FREQ = 100000000
        BAUD_RATE = 115200
    Found 13-bit register for signal <pix_cnt>.
    Found 4-bit register for signal <state>.
    Found 1-bit register for signal <send>.
    Found 1-bit register for signal <done>.
    Found 8-bit register for signal <din>.
    Found 4-bit register for signal <next_state>.
    Found 13-bit register for signal <rd_addr>.
    Found 13-bit adder for signal <pix_cnt[12]_GND_5_o_add_6_OUT> created at line 153.
    Summary:
	inferred   1 Adder/Subtractor(s).
	inferred  44 D-type flip-flop(s).
	inferred  27 Multiplexer(s).
Unit <TX> synthesized.

Synthesizing Unit <uart_tx_clk>.
    Related source file is "/home/fafaaa/image_processing_spartan6/uart_tx_clk.vhd".
        CLK_FREQ = 100000000
        BAUD_RATE = 115200
    Found 1-bit register for signal <uart_txd>.
    Found 10-bit register for signal <tick_cnt>.
    Found 3-bit register for signal <bit_idx>.
    Found 2-bit register for signal <state>.
    Found 1-bit register for signal <busy>.
    Found 8-bit register for signal <shift_reg>.
    Found finite state machine <FSM_0> for signal <state>.
    -----------------------------------------------------------------------
    | States             | 4                                              |
    | Transitions        | 9                                              |
    | Inputs             | 3                                              |
    | Outputs            | 2                                              |
    | Clock              | clk (rising_edge)                              |
    | Reset              | rst (positive)                                 |
    | Reset type         | asynchronous                                   |
    | Reset State        | idle                                           |
    | Power Up State     | idle                                           |
    | Encoding           | auto                                           |
    | Implementation     | LUT                                            |
    -----------------------------------------------------------------------
    Found 3-bit adder for signal <bit_idx[2]_GND_6_o_add_9_OUT> created at line 97.
    Found 10-bit adder for signal <tick_cnt[9]_GND_6_o_add_17_OUT> created at line 111.
    Found 1-bit 8-to-1 multiplexer for signal <bit_idx[2]_shift_reg[7]_Mux_6_o> created at line 90.
    Found 1-bit 4-to-1 multiplexer for signal <state[1]_PWR_6_o_Mux_21_o> created at line 65.
    Summary:
	inferred   2 Adder/Subtractor(s).
	inferred  23 D-type flip-flop(s).
	inferred   6 Multiplexer(s).
	inferred   1 Finite State Machine(s).
Unit <uart_tx_clk> synthesized.

Synthesizing Unit <ctrl_fsm>.
    Related source file is "/home/fafaaa/image_processing_spartan6/ctrl_fsm.vhd".
    Found 6-bit register for signal <flush_cnt>.
    Found 2-bit register for signal <state>.
    Found finite state machine <FSM_1> for signal <state>.
    -----------------------------------------------------------------------
    | States             | 4                                              |
    | Transitions        | 7                                              |
    | Inputs             | 3                                              |
    | Outputs            | 4                                              |
    | Clock              | clk (rising_edge)                              |
    | Reset              | rst (positive)                                 |
    | Reset type         | asynchronous                                   |
    | Reset State        | init                                           |
    | Power Up State     | init                                           |
    | Encoding           | auto                                           |
    | Implementation     | LUT                                            |
    -----------------------------------------------------------------------
    Found 6-bit adder for signal <flush_cnt[5]_GND_8_o_add_3_OUT> created at line 59.
    Summary:
	inferred   1 Adder/Subtractor(s).
	inferred   6 D-type flip-flop(s).
	inferred   1 Multiplexer(s).
	inferred   1 Finite State Machine(s).
Unit <ctrl_fsm> synthesized.

Synthesizing Unit <processing_top1>.
    Related source file is "/home/fafaaa/image_processing_spartan6/processing_top1.vhd".
        PIXEL_WIDTH = 16
        ADDR_WIDTH = 13
    Found 4-bit register for signal <count>.
    Found 6-bit register for signal <row>.
    Found 7-bit register for signal <col>.
    Found 3-bit register for signal <median_stage>.
    Found 3-bit register for signal <fetch_state>.
    Found 1-bit register for signal <done>.
    Found 1-bit register for signal <px_out_valid>.
    Found 13-bit register for signal <px_in_addr>.
    Found 8-bit register for signal <window<0>>.
    Found 8-bit register for signal <window<1>>.
    Found 8-bit register for signal <window<2>>.
    Found 8-bit register for signal <window<3>>.
    Found 8-bit register for signal <window<4>>.
    Found 8-bit register for signal <window<5>>.
    Found 8-bit register for signal <window<6>>.
    Found 8-bit register for signal <window<7>>.
    Found 8-bit register for signal <window<8>>.
    Found 16-bit register for signal <single_px>.
    Found 8-bit register for signal <median_v<0>>.
    Found 8-bit register for signal <median_v<1>>.
    Found 8-bit register for signal <median_v<2>>.
    Found 8-bit register for signal <median_v<3>>.
    Found 8-bit register for signal <median_v<4>>.
    Found 8-bit register for signal <median_v<5>>.
    Found 8-bit register for signal <median_v<6>>.
    Found 8-bit register for signal <median_v<7>>.
    Found 8-bit register for signal <median_v<8>>.
    Found 11-bit register for signal <gx_reg>.
    Found 11-bit register for signal <gy_reg>.
    Found 16-bit register for signal <px_out>.
    Found 13-bit register for signal <px_out_addr>.
    Found 4-bit register for signal <done_cnt>.
    Found finite state machine <FSM_2> for signal <fetch_state>.
    -----------------------------------------------------------------------
    | States             | 7                                              |
    | Transitions        | 17                                             |
    | Inputs             | 9                                              |
    | Outputs            | 4                                              |
    | Clock              | clk (rising_edge)                              |
    | Reset              | rst (positive)                                 |
    | Reset type         | asynchronous                                   |
    | Reset State        | fetch                                          |
    | Power Up State     | fetch                                          |
    | Encoding           | auto                                           |
    | Implementation     | LUT                                            |
    -----------------------------------------------------------------------
    Found 8-bit adder for signal <n0492> created at line 100.
    Found 9-bit adder for signal <n0495> created at line 100.
    Found 16-bit adder for signal <n0285> created at line 100.
    Found 13-bit adder for signal <row[5]_GND_11_o_add_11_OUT> created at line 105.
    Found 4-bit adder for signal <count[3]_GND_11_o_add_35_OUT> created at line 126.
    Found 3-bit adder for signal <median_stage[2]_GND_11_o_add_135_OUT> created at line 151.
    Found 11-bit adder for signal <GND_11_o_GND_11_o_add_139_OUT> created at line 155.
    Found 11-bit adder for signal <GND_11_o_GND_11_o_add_141_OUT> created at line 155.
    Found 11-bit adder for signal <n0521> created at line 158.
    Found 11-bit adder for signal <GND_11_o_GND_11_o_add_144_OUT> created at line 158.
    Found 11-bit adder for signal <GND_11_o_GND_11_o_add_148_OUT> created at line 165.
    Found 11-bit adder for signal <GND_11_o_GND_11_o_add_149_OUT> created at line 165.
    Found 12-bit adder for signal <GND_11_o_GND_11_o_add_150_OUT> created at line 165.
    Found 6-bit adder for signal <row[5]_GND_11_o_add_160_OUT> created at line 190.
    Found 7-bit adder for signal <col[6]_GND_11_o_add_164_OUT> created at line 194.
    Found 4-bit adder for signal <done_cnt[3]_GND_11_o_add_170_OUT> created at line 203.
    Found 11-bit subtractor for signal <n0512> created at line 0.
    Found 11-bit subtractor for signal <n0515> created at line 0.
    Found 11-bit subtractor for signal <GND_11_o_GND_11_o_sub_143_OUT<10:0>> created at line 155.
    Found 11-bit subtractor for signal <GND_11_o_GND_11_o_sub_146_OUT<10:0>> created at line 158.
    Found 11-bit subtractor for signal <GND_11_o_GND_11_o_sub_147_OUT<10:0>> created at line 158.
    Found 11-bit subtractor for signal <GND_11_o_GND_11_o_sub_148_OUT<10:0>> created at line 158.
    Found 8-bit adder for signal <_n0560> created at line 90.
    Found 8-bit adder for signal <GND_11_o_GND_11_o_add_18_OUT> created at line 90.
    Found 8-bit adder for signal <_n0562> created at line 90.
    Found 8-bit adder for signal <n0377> created at line 90.
    Found 8x8-bit multiplier for signal <n0496> created at line 100.
    Found 6x7-bit multiplier for signal <n0499> created at line 105.
    Found 16x4-bit Read Only RAM for signal <_n1073>
    Found 8-bit 5-to-1 multiplexer for signal <median_stage[2]_X_10_o_wide_mux_127_OUT> created at line 138.
    Found 8-bit 7-to-1 multiplexer for signal <median_stage[2]_X_10_o_wide_mux_129_OUT> created at line 138.
    Found 16-bit 4-to-1 multiplexer for signal <sel[1]_single_px[15]_wide_mux_155_OUT> created at line 163.
    Found 8-bit comparator greater for signal <median_v[1][7]_median_v[0][7]_LessThan_62_o> created at line 135
    Found 8-bit comparator greater for signal <median_v[4][7]_median_v[3][7]_LessThan_66_o> created at line 135
    Found 8-bit comparator greater for signal <median_v[7][7]_median_v[6][7]_LessThan_70_o> created at line 135
    Found 8-bit comparator greater for signal <median_v[2][7]_median_v[1][7]_LessThan_74_o> created at line 135
    Found 8-bit comparator greater for signal <median_v[5][7]_median_v[4][7]_LessThan_78_o> created at line 135
    Found 8-bit comparator greater for signal <median_v[8][7]_median_v[7][7]_LessThan_82_o> created at line 135
    Found 8-bit comparator greater for signal <median_v[3][7]_median_v[0][7]_LessThan_86_o> created at line 135
    Found 8-bit comparator greater for signal <median_v[8][7]_median_v[5][7]_LessThan_90_o> created at line 135
    Found 8-bit comparator greater for signal <median_v[6][7]_median_v[3][7]_LessThan_98_o> created at line 135
    Found 8-bit comparator greater for signal <median_v[4][7]_median_v[1][7]_LessThan_102_o> created at line 135
    Found 8-bit comparator greater for signal <median_v[5][7]_median_v[2][7]_LessThan_106_o> created at line 135
    Found 8-bit comparator greater for signal <median_v[7][7]_median_v[4][7]_LessThan_110_o> created at line 135
    Found 8-bit comparator greater for signal <median_v[2][7]_median_v[4][7]_LessThan_114_o> created at line 135
    Found 8-bit comparator greater for signal <median_v[4][7]_median_v[6][7]_LessThan_118_o> created at line 135
    Found 8-bit comparator greater for signal <median_v[2][7]_median_v[4][7]_LessThan_122_o> created at line 135
    Found 12-bit comparator greater for signal <GND_11_o_GND_11_o_LessThan_152_o> created at line 166
    Summary:
	inferred   1 RAM(s).
	inferred   2 Multiplier(s).
	inferred  26 Adder/Subtractor(s).
	inferred 250 D-type flip-flop(s).
	inferred  16 Comparator(s).
	inferred  87 Multiplexer(s).
	inferred   1 Finite State Machine(s).
Unit <processing_top1> synthesized.

=========================================================================
HDL Synthesis Report

Macro Statistics
# RAMs                                                 : 1
 16x4-bit single-port Read Only RAM                    : 1
# Multipliers                                          : 2
 7x6-bit multiplier                                    : 1
 8x8-bit multiplier                                    : 1
# Adders/Subtractors                                   : 30
 10-bit adder                                          : 1
 11-bit adder                                          : 6
 11-bit subtractor                                     : 6
 12-bit adder                                          : 1
 13-bit adder                                          : 2
 16-bit adder                                          : 1
 3-bit adder                                           : 2
 4-bit adder                                           : 2
 6-bit adder                                           : 2
 7-bit adder                                           : 1
 8-bit adder                                           : 5
 9-bit adder                                           : 1
# Registers                                            : 45
 1-bit register                                        : 7
 10-bit register                                       : 1
 11-bit register                                       : 2
 13-bit register                                       : 4
 16-bit register                                       : 2
 3-bit register                                        : 2
 4-bit register                                        : 4
 6-bit register                                        : 2
 7-bit register                                        : 1
 8-bit register                                        : 20
# Comparators                                          : 16
 12-bit comparator greater                             : 1
 8-bit comparator greater                              : 15
# Multiplexers                                         : 122
 1-bit 2-to-1 multiplexer                              : 2
 1-bit 4-to-1 multiplexer                              : 1
 1-bit 8-to-1 multiplexer                              : 1
 10-bit 2-to-1 multiplexer                             : 2
 13-bit 2-to-1 multiplexer                             : 2
 16-bit 4-to-1 multiplexer                             : 1
 3-bit 2-to-1 multiplexer                              : 3
 4-bit 2-to-1 multiplexer                              : 23
 6-bit 2-to-1 multiplexer                              : 2
 7-bit 2-to-1 multiplexer                              : 1
 8-bit 2-to-1 multiplexer                              : 82
 8-bit 5-to-1 multiplexer                              : 1
 8-bit 7-to-1 multiplexer                              : 1
# FSMs                                                 : 3
# Xors                                                 : 22
 1-bit xor2                                            : 22

=========================================================================

=========================================================================
*                       Advanced HDL Synthesis                          *
=========================================================================

Reading core <ipcore_dir/img_rom/img_rom.ngc>.
Reading core <ipcore_dir/frame_out/frame_out.ngc>.
Loading core <img_rom> for timing and area information for instance <rom_inst>.
Loading core <frame_out> for timing and area information for instance <frame_out_inst>.

Synthesizing (advanced) Unit <TX>.
The following registers are absorbed into counter <pix_cnt>: 1 register on signal <pix_cnt>.
Unit <TX> synthesized (advanced).

Synthesizing (advanced) Unit <ctrl_fsm>.
The following registers are absorbed into counter <flush_cnt>: 1 register on signal <flush_cnt>.
Unit <ctrl_fsm> synthesized (advanced).

Synthesizing (advanced) Unit <processing_top1>.
The following registers are absorbed into counter <row>: 1 register on signal <row>.
The following registers are absorbed into counter <col>: 1 register on signal <col>.
The following registers are absorbed into counter <median_stage>: 1 register on signal <median_stage>.
The following registers are absorbed into counter <done_cnt>: 1 register on signal <done_cnt>.
	The following adders/subtractors are grouped into adder tree <Msub_GND_11_o_GND_11_o_sub_148_OUT<10:0>1> :
 	<Msub_GND_11_o_GND_11_o_sub_146_OUT<10:0>> in block <processing_top1>, 	<Msub_GND_11_o_GND_11_o_sub_147_OUT<10:0>> in block <processing_top1>, 	<Msub_GND_11_o_GND_11_o_sub_148_OUT<10:0>> in block <processing_top1>.
	Multiplier <Mmult_n0496> in block <processing_top1> and adder/subtractor <Madd_n0285_Madd> in block <processing_top1> are combined into a MAC<Maddsub_n0496>.
	Multiplier <Mmult_n0499> in block <processing_top1> and adder/subtractor <Madd_row[5]_GND_11_o_add_11_OUT> in block <processing_top1> are combined into a MAC<Maddsub_n0499>.
INFO:Xst:3218 - HDL ADVISOR - The RAM <Mram__n1073> will be implemented on LUTs either because you have described an asynchronous read or because of currently unsupported block RAM features. If you have described an asynchronous read, making it synchronous would allow you to take advantage of available block RAM resources, for optimized device usage and improved timings. Please refer to your documentation for coding guidelines.
    -----------------------------------------------------------------------
    | ram_type           | Distributed                         |          |
    -----------------------------------------------------------------------
    | Port A                                                              |
    |     aspect ratio   | 16-word x 4-bit                     |          |
    |     weA            | connected to signal <GND>           | high     |
    |     addrA          | connected to signal <count>         |          |
    |     diA            | connected to signal <GND>           |          |
    |     doA            | connected to internal node          |          |
    -----------------------------------------------------------------------
Unit <processing_top1> synthesized (advanced).

=========================================================================
Advanced HDL Synthesis Report

Macro Statistics
# RAMs                                                 : 1
 16x4-bit single-port distributed Read Only RAM        : 1
# MACs                                                 : 2
 7x6-to-13-bit MAC                                     : 1
 8x8-to-13-bit MAC                                     : 1
# Adders/Subtractors                                   : 19
 10-bit adder                                          : 1
 11-bit adder                                          : 6
 11-bit subtractor                                     : 3
 12-bit adder                                          : 1
 3-bit adder                                           : 1
 4-bit adder                                           : 1
 8-bit adder                                           : 5
 9-bit adder                                           : 1
# Adder Trees                                          : 1
 11-bit / 4-inputs adder tree                          : 1
# Counters                                             : 6
 13-bit up counter                                     : 1
 3-bit up counter                                      : 1
 4-bit up counter                                      : 1
 6-bit up counter                                      : 2
 7-bit up counter                                      : 1
# Registers                                            : 285
 Flip-Flops                                            : 285
# Comparators                                          : 16
 12-bit comparator greater                             : 1
 8-bit comparator greater                              : 15
# Multiplexers                                         : 150
 1-bit 2-to-1 multiplexer                              : 41
 1-bit 4-to-1 multiplexer                              : 1
 1-bit 8-to-1 multiplexer                              : 1
 10-bit 2-to-1 multiplexer                             : 2
 13-bit 2-to-1 multiplexer                             : 1
 16-bit 4-to-1 multiplexer                             : 1
 3-bit 2-to-1 multiplexer                              : 2
 4-bit 2-to-1 multiplexer                              : 22
 8-bit 2-to-1 multiplexer                              : 77
 8-bit 5-to-1 multiplexer                              : 1
 8-bit 7-to-1 multiplexer                              : 1
# FSMs                                                 : 3
# Xors                                                 : 22
 1-bit xor2                                            : 22

=========================================================================

=========================================================================
*                         Low Level Synthesis                           *
=========================================================================
Analyzing FSM <MFsm> for best encoding.
Optimizing FSM <processing_top_inst/FSM_2> on signal <fetch_state[1:3]> with user encoding.
-----------------------------
 State           | Encoding
-----------------------------
 fetch           | 000
 wait_data       | 001
 compute         | 010
 wait_single     | 011
 median_sort     | 100
 sobel_calc      | 101
 frame_done_wait | 110
-----------------------------
Analyzing FSM <MFsm> for best encoding.
Optimizing FSM <tx_inst/uart_byte_inst/FSM_0> on signal <state[1:2]> with gray encoding.
-----------------------
 State     | Encoding
-----------------------
 idle      | 00
 start_bit | 01
 data_bits | 11
 stop_bit  | 10
-----------------------
Analyzing FSM <MFsm> for best encoding.
Optimizing FSM <ctrl_fsm_inst/FSM_1> on signal <state[1:2]> with user encoding.
---------------------------
 State         | Encoding
---------------------------
 init          | 00
 process_frame | 01
 wait_flush    | 10
 transmit      | 11
---------------------------

Optimizing unit <top_level> ...

Optimizing unit <processing_top1> ...

Optimizing unit <TX> ...

Optimizing unit <uart_tx_clk> ...

Optimizing unit <ctrl_fsm> ...
INFO:Xst:2261 - The FF/Latch <processing_top_inst/gx_reg_0> in Unit <top_level> is equivalent to the following FF/Latch, which will be removed : <processing_top_inst/gy_reg_0> 

Mapping all equations...
Building and optimizing final netlist ...
Found area constraint ratio of 100 (+ 5) on block top_level, actual ratio is 9.
FlipFlop processing_top_inst/median_stage_0 has been replicated 2 time(s)
FlipFlop processing_top_inst/median_stage_1 has been replicated 2 time(s)
FlipFlop processing_top_inst/median_stage_2 has been replicated 2 time(s)

Final Macro Processing ...

=========================================================================
Final Register Report

Macro Statistics
# Registers                                            : 336
 Flip-Flops                                            : 336

=========================================================================

=========================================================================
*                           Partition Report                            *
=========================================================================

Partition Implementation Status
-------------------------------

  No Partitions were found in this design.

-------------------------------

=========================================================================
*                            Design Summary                             *
=========================================================================

Top Level Output File Name         : top_level.ngc

Primitive and Black Box Usage:
------------------------------
# BELS                             : 1073
#      GND                         : 3
#      INV                         : 10
#      LUT1                        : 1
#      LUT2                        : 51
#      LUT3                        : 107
#      LUT4                        : 95
#      LUT5                        : 236
#      LUT6                        : 331
#      MUXCY                       : 88
#      MUXF7                       : 56
#      VCC                         : 3
#      XORCY                       : 92
# FlipFlops/Latches                : 342
#      FDC                         : 24
#      FDCE                        : 51
#      FDE                         : 266
#      FDP                         : 1
# RAMS                             : 10
#      RAMB16BWER                  : 10
# Clock Buffers                    : 1
#      BUFGP                       : 1
# IO Buffers                       : 8
#      IBUF                        : 3
#      OBUF                        : 5
# DSPs                             : 2
#      DSP48A1                     : 2

Device utilization summary:
---------------------------

Selected Device : 6slx16csg324-3 


Slice Logic Utilization: 
 Number of Slice Registers:             342  out of  18224     1%  
 Number of Slice LUTs:                  831  out of   9112     9%  
    Number used as Logic:               831  out of   9112     9%  

Slice Logic Distribution: 
 Number of LUT Flip Flop pairs used:    938
   Number with an unused Flip Flop:     596  out of    938    63%  
   Number with an unused LUT:           107  out of    938    11%  
   Number of fully used LUT-FF pairs:   235  out of    938    25%  
   Number of unique control sets:        31

IO Utilization: 
 Number of IOs:                           9
 Number of bonded IOBs:                   9  out of    232     3%  

Specific Feature Utilization:
 Number of Block RAM/FIFO:               10  out of     32    31%  
    Number using Block RAM only:         10
 Number of BUFG/BUFGCTRLs:                1  out of     16     6%  
 Number of DSP48A1s:                      2  out of     32     6%  

---------------------------
Partition Resource Summary:
---------------------------

  No Partitions were found in this design.

---------------------------


=========================================================================
Timing Report

NOTE: THESE TIMING NUMBERS ARE ONLY A SYNTHESIS ESTIMATE.
      FOR ACCURATE TIMING INFORMATION PLEASE REFER TO THE TRACE REPORT
      GENERATED AFTER PLACE-and-ROUTE.

Clock Information:
------------------
-----------------------------------+-----------------------------------------------------------------------------------------------------------------------------------+-------+
Clock Signal                       | Clock buffer(FF name)                                                                                                             | Load  |
-----------------------------------+-----------------------------------------------------------------------------------------------------------------------------------+-------+
clk                                | BUFGP                                                                                                                             | 352   |
rom_inst/N1                        | NONE(rom_inst/U0/xst_blk_mem_generator/gnativebmg.native_blk_mem_gen/valid.cstr/ramloop[0].ram.r/s6_init.ram/SP.SIMPLE_PRIM18.ram)| 5     |
-----------------------------------+-----------------------------------------------------------------------------------------------------------------------------------+-------+
INFO:Xst:2169 - HDL ADVISOR - Some clock signals were not automatically buffered by XST with BUFG/BUFR resources. Please use the buffer_type constraint in order to insert these buffers to the clock signals to help prevent skew problems.

Asynchronous Control Signals Information:
----------------------------------------
No asynchronous control signals found in this design

Timing Summary:
---------------
Speed Grade: -3

   Minimum period: 12.154ns (Maximum Frequency: 82.275MHz)
   Minimum input arrival time before clock: 5.823ns
   Maximum output required time after clock: 4.911ns
   Maximum combinational path delay: No path found

Timing Details:
---------------
All values displayed in nanoseconds (ns)

=========================================================================
Timing constraint: Default period analysis for Clock 'clk'
  Clock period: 12.154ns (frequency: 82.275MHz)
  Total number of paths / destination ports: 309759 / 892
-------------------------------------------------------------------------
Delay:               12.154ns (Levels of Logic = 12)
  Source:            processing_top_inst/median_stage_0_1 (FF)
  Destination:       processing_top_inst/median_v_6_6 (FF)
  Source Clock:      clk rising
  Destination Clock: clk rising

  Data Path: processing_top_inst/median_stage_0_1 to processing_top_inst/median_v_6_6
                                Gate     Net
    Cell:in->out      fanout   Delay   Delay  Logical Name (Net Name)
    ----------------------------------------  ------------
     FDCE:C->Q            12   0.447   1.137  processing_top_inst/median_stage_0_1 (processing_top_inst/median_stage_0_1)
     LUT5:I2->O           16   0.205   1.233  processing_top_inst/Mmux_median_v[0][7]_window[0][7]_mux_40_OUT1271 (processing_top_inst/median_v[4][7]_window[4][7]_mux_44_OUT<2>)
     LUT6:I3->O            1   0.205   0.684  processing_top_inst/median_v[7][7]_median_v[4][7]_LessThan_110_o3 (processing_top_inst/median_v[7][7]_median_v[4][7]_LessThan_110_o1)
     LUT5:I3->O            1   0.203   0.580  processing_top_inst/median_v[7][7]_median_v[4][7]_LessThan_110_o1 (processing_top_inst/median_v[7][7]_median_v[4][7]_LessThan_110_o2)
     LUT5:I4->O           18   0.205   1.050  processing_top_inst/median_v[7][7]_median_v[4][7]_LessThan_110_o21 (processing_top_inst/median_v[7][7]_median_v[4][7]_LessThan_110_o)
     LUT6:I5->O            2   0.205   0.721  processing_top_inst/median_v[2][7]_median_v[4][7]_LessThan_114_o23 (processing_top_inst/median_v[2][7]_median_v[4][7]_LessThan_114_o22)
     LUT6:I4->O            1   0.203   0.000  processing_top_inst/median_v[2][7]_median_v[4][7]_LessThan_114_o24_G (N318)
     MUXF7:I1->O           7   0.140   0.774  processing_top_inst/median_v[2][7]_median_v[4][7]_LessThan_114_o24 (processing_top_inst/median_v[2][7]_median_v[4][7]_LessThan_114_o23)
     LUT6:I5->O            5   0.205   0.715  processing_top_inst/Mmux_median_v[4][7]_median_v[2][7]_mux_115_OUT51 (processing_top_inst/median_v[4][7]_median_v[2][7]_mux_115_OUT<4>)
     LUT6:I5->O            1   0.205   0.808  processing_top_inst/median_v[4][7]_median_v[6][7]_LessThan_118_o1_SW0 (N75)
     LUT5:I2->O           13   0.205   0.933  processing_top_inst/median_v[4][7]_median_v[6][7]_LessThan_118_o1 (processing_top_inst/median_v[4][7]_median_v[6][7]_LessThan_118_o2)
     LUT6:I5->O            1   0.205   0.580  processing_top_inst/median_v[4][7]_median_v[6][7]_LessThan_118_o21 (processing_top_inst/median_v[4][7]_median_v[6][7]_LessThan_118_o)
     LUT6:I5->O            1   0.205   0.000  processing_top_inst/Mmux_median_stage[2]_X_10_o_wide_mux_125_OUT1086 (processing_top_inst/median_stage[2]_X_10_o_wide_mux_131_OUT<6>)
     FDE:D                     0.102          processing_top_inst/median_v_6_6
    ----------------------------------------
    Total                     12.154ns (2.940ns logic, 9.214ns route)
                                       (24.2% logic, 75.8% route)

=========================================================================
Timing constraint: Default OFFSET IN BEFORE for Clock 'clk'
  Total number of paths / destination ports: 464 / 377
-------------------------------------------------------------------------
Offset:              5.823ns (Levels of Logic = 3)
  Source:            rst (PAD)
  Destination:       processing_top_inst/window_7_7 (FF)
  Destination Clock: clk rising

  Data Path: rst to processing_top_inst/window_7_7
                                Gate     Net
    Cell:in->out      fanout   Delay   Delay  Logical Name (Net Name)
    ----------------------------------------  ------------
     IBUF:I->O            87   1.222   2.020  rst_IBUF (rst_IBUF)
     LUT5:I2->O            8   0.205   1.050  processing_top_inst/_n0716_inv11 (processing_top_inst/_n0716_inv1)
     LUT4:I0->O            8   0.203   0.802  processing_top_inst/_n0828_inv1 (processing_top_inst/_n0828_inv)
     FDE:CE                    0.322          processing_top_inst/window_7_0
    ----------------------------------------
    Total                      5.823ns (1.952ns logic, 3.871ns route)
                                       (33.5% logic, 66.5% route)

=========================================================================
Timing constraint: Default OFFSET OUT AFTER for Clock 'clk'
  Total number of paths / destination ports: 7 / 5
-------------------------------------------------------------------------
Offset:              4.911ns (Levels of Logic = 2)
  Source:            ctrl_fsm_inst/state_FSM_FFd1 (FF)
  Destination:       dbg_process_en (PAD)
  Source Clock:      clk rising

  Data Path: ctrl_fsm_inst/state_FSM_FFd1 to dbg_process_en
                                Gate     Net
    Cell:in->out      fanout   Delay   Delay  Logical Name (Net Name)
    ----------------------------------------  ------------
     FDC:C->Q             19   0.447   1.072  ctrl_fsm_inst/state_FSM_FFd1 (ctrl_fsm_inst/state_FSM_FFd1)
     LUT2:I1->O            2   0.205   0.616  ctrl_fsm_inst/state_process_en1 (dbg_process_en_OBUF)
     OBUF:I->O                 2.571          dbg_process_en_OBUF (dbg_process_en)
    ----------------------------------------
    Total                      4.911ns (3.223ns logic, 1.688ns route)
                                       (65.6% logic, 34.4% route)

=========================================================================

Cross Clock Domains Report:
--------------------------

Clock to Setup on destination clock clk
---------------+---------+---------+---------+---------+
               | Src:Rise| Src:Fall| Src:Rise| Src:Fall|
Source Clock   |Dest:Rise|Dest:Rise|Dest:Fall|Dest:Fall|
---------------+---------+---------+---------+---------+
clk            |   12.154|         |         |         |
---------------+---------+---------+---------+---------+

=========================================================================


Total REAL time to Xst completion: 10.00 secs
Total CPU time to Xst completion: 10.02 secs
 
--> 


Total memory usage is 389876 kilobytes

Number of errors   :    0 (   0 filtered)
Number of warnings :    0 (   0 filtered)
Number of infos    :    3 (   0 filtered)

